// Jest Snapshot v1, https://goo.gl/fbAQLP

exports[`Snapshot ConnectionSetup Setup 1`] = `
<View
  style={
    Object {
      "flex": 1,
    }
  }
>
  <RCTWebView
    messagingEnabled={false}
    onLoadingError={[Function]}
    onLoadingFinish={[Function]}
    onLoadingStart={[Function]}
    onMessage={[Function]}
    onShouldStartLoadWithRequest={[Function]}
    scalesPageToFit={true}
    source={
      Object {
        "uri": "http://www.aqandu.org",
      }
    }
    style={
      Array [
        Object {
          "flex": 1,
        },
        Object {
          "backgroundColor": "#ffffff",
        },
        undefined,
      ]
    }
  />
</View>
`;
